------------------------------------------------------------
Timing Analyzer Summary
------------------------------------------------------------

Type  : Slow 1200mV 85C Model Setup 'inst|altpll|sd1|pll7|clk[0]'
Slack : 0.326
TNS   : 0.000

Type  : Slow 1200mV 85C Model Setup 'CLOCK_50'
Slack : 4.184
TNS   : 0.000

Type  : Slow 1200mV 85C Model Setup 'inst|video_pll_0|video_pll|PLL_for_DE_Series_Boards|auto_generated|pll1|clk[1]'
Slack : 32.241
TNS   : 0.000

Type  : Slow 1200mV 85C Model Setup 'altera_reserved_tck'
Slack : 46.149
TNS   : 0.000

Type  : Slow 1200mV 85C Model Setup 'inst|altpll|sd1|pll7|clk[2]'
Slack : 91.272
TNS   : 0.000

Type  : Slow 1200mV 85C Model Hold 'CLOCK_50'
Slack : -0.904
TNS   : -37.135

Type  : Slow 1200mV 85C Model Hold 'inst|altpll|sd1|pll7|clk[0]'
Slack : 0.330
TNS   : 0.000

Type  : Slow 1200mV 85C Model Hold 'inst|video_pll_0|video_pll|PLL_for_DE_Series_Boards|auto_generated|pll1|clk[1]'
Slack : 0.366
TNS   : 0.000

Type  : Slow 1200mV 85C Model Hold 'altera_reserved_tck'
Slack : 0.402
TNS   : 0.000

Type  : Slow 1200mV 85C Model Hold 'inst|altpll|sd1|pll7|clk[2]'
Slack : 0.403
TNS   : 0.000

Type  : Slow 1200mV 85C Model Recovery 'inst|altpll|sd1|pll7|clk[0]'
Slack : 5.737
TNS   : 0.000

Type  : Slow 1200mV 85C Model Recovery 'CLOCK_50'
Slack : 17.725
TNS   : 0.000

Type  : Slow 1200mV 85C Model Recovery 'inst|video_pll_0|video_pll|PLL_for_DE_Series_Boards|auto_generated|pll1|clk[1]'
Slack : 33.764
TNS   : 0.000

Type  : Slow 1200mV 85C Model Recovery 'altera_reserved_tck'
Slack : 47.999
TNS   : 0.000

Type  : Slow 1200mV 85C Model Recovery 'inst|altpll|sd1|pll7|clk[2]'
Slack : 95.993
TNS   : 0.000

Type  : Slow 1200mV 85C Model Removal 'CLOCK_50'
Slack : 0.803
TNS   : 0.000

Type  : Slow 1200mV 85C Model Removal 'altera_reserved_tck'
Slack : 1.034
TNS   : 0.000

Type  : Slow 1200mV 85C Model Removal 'inst|altpll|sd1|pll7|clk[2]'
Slack : 2.563
TNS   : 0.000

Type  : Slow 1200mV 85C Model Removal 'inst|altpll|sd1|pll7|clk[0]'
Slack : 2.585
TNS   : 0.000

Type  : Slow 1200mV 85C Model Removal 'inst|video_pll_0|video_pll|PLL_for_DE_Series_Boards|auto_generated|pll1|clk[1]'
Slack : 4.600
TNS   : 0.000

Type  : Slow 1200mV 85C Model Minimum Pulse Width 'inst|altpll|sd1|pll7|clk[0]'
Slack : 4.621
TNS   : 0.000

Type  : Slow 1200mV 85C Model Minimum Pulse Width 'CLOCK_50'
Slack : 9.471
TNS   : 0.000

Type  : Slow 1200mV 85C Model Minimum Pulse Width 'inst|video_pll_0|video_pll|PLL_for_DE_Series_Boards|auto_generated|pll1|clk[1]'
Slack : 19.690
TNS   : 0.000

Type  : Slow 1200mV 85C Model Minimum Pulse Width 'altera_reserved_tck'
Slack : 49.550
TNS   : 0.000

Type  : Slow 1200mV 85C Model Minimum Pulse Width 'inst|altpll|sd1|pll7|clk[2]'
Slack : 49.703
TNS   : 0.000

Type  : Slow 1200mV 0C Model Setup 'inst|altpll|sd1|pll7|clk[0]'
Slack : 1.068
TNS   : 0.000

Type  : Slow 1200mV 0C Model Setup 'CLOCK_50'
Slack : 4.376
TNS   : 0.000

Type  : Slow 1200mV 0C Model Setup 'inst|video_pll_0|video_pll|PLL_for_DE_Series_Boards|auto_generated|pll1|clk[1]'
Slack : 32.940
TNS   : 0.000

Type  : Slow 1200mV 0C Model Setup 'altera_reserved_tck'
Slack : 46.626
TNS   : 0.000

Type  : Slow 1200mV 0C Model Setup 'inst|altpll|sd1|pll7|clk[2]'
Slack : 91.970
TNS   : 0.000

Type  : Slow 1200mV 0C Model Hold 'CLOCK_50'
Slack : -0.908
TNS   : -38.488

Type  : Slow 1200mV 0C Model Hold 'inst|altpll|sd1|pll7|clk[0]'
Slack : 0.336
TNS   : 0.000

Type  : Slow 1200mV 0C Model Hold 'inst|video_pll_0|video_pll|PLL_for_DE_Series_Boards|auto_generated|pll1|clk[1]'
Slack : 0.337
TNS   : 0.000

Type  : Slow 1200mV 0C Model Hold 'inst|altpll|sd1|pll7|clk[2]'
Slack : 0.353
TNS   : 0.000

Type  : Slow 1200mV 0C Model Hold 'altera_reserved_tck'
Slack : 0.354
TNS   : 0.000

Type  : Slow 1200mV 0C Model Recovery 'inst|altpll|sd1|pll7|clk[0]'
Slack : 6.192
TNS   : 0.000

Type  : Slow 1200mV 0C Model Recovery 'CLOCK_50'
Slack : 17.919
TNS   : 0.000

Type  : Slow 1200mV 0C Model Recovery 'inst|video_pll_0|video_pll|PLL_for_DE_Series_Boards|auto_generated|pll1|clk[1]'
Slack : 34.320
TNS   : 0.000

Type  : Slow 1200mV 0C Model Recovery 'altera_reserved_tck'
Slack : 48.295
TNS   : 0.000

Type  : Slow 1200mV 0C Model Recovery 'inst|altpll|sd1|pll7|clk[2]'
Slack : 96.383
TNS   : 0.000

Type  : Slow 1200mV 0C Model Removal 'CLOCK_50'
Slack : 0.738
TNS   : 0.000

Type  : Slow 1200mV 0C Model Removal 'altera_reserved_tck'
Slack : 0.933
TNS   : 0.000

Type  : Slow 1200mV 0C Model Removal 'inst|altpll|sd1|pll7|clk[2]'
Slack : 2.264
TNS   : 0.000

Type  : Slow 1200mV 0C Model Removal 'inst|altpll|sd1|pll7|clk[0]'
Slack : 2.300
TNS   : 0.000

Type  : Slow 1200mV 0C Model Removal 'inst|video_pll_0|video_pll|PLL_for_DE_Series_Boards|auto_generated|pll1|clk[1]'
Slack : 4.089
TNS   : 0.000

Type  : Slow 1200mV 0C Model Minimum Pulse Width 'inst|altpll|sd1|pll7|clk[0]'
Slack : 4.650
TNS   : 0.000

Type  : Slow 1200mV 0C Model Minimum Pulse Width 'CLOCK_50'
Slack : 9.493
TNS   : 0.000

Type  : Slow 1200mV 0C Model Minimum Pulse Width 'inst|video_pll_0|video_pll|PLL_for_DE_Series_Boards|auto_generated|pll1|clk[1]'
Slack : 19.681
TNS   : 0.000

Type  : Slow 1200mV 0C Model Minimum Pulse Width 'altera_reserved_tck'
Slack : 49.479
TNS   : 0.000

Type  : Slow 1200mV 0C Model Minimum Pulse Width 'inst|altpll|sd1|pll7|clk[2]'
Slack : 49.691
TNS   : 0.000

Type  : Fast 1200mV 0C Model Setup 'inst|altpll|sd1|pll7|clk[0]'
Slack : 5.140
TNS   : 0.000

Type  : Fast 1200mV 0C Model Setup 'CLOCK_50'
Slack : 6.224
TNS   : 0.000

Type  : Fast 1200mV 0C Model Setup 'inst|video_pll_0|video_pll|PLL_for_DE_Series_Boards|auto_generated|pll1|clk[1]'
Slack : 36.151
TNS   : 0.000

Type  : Fast 1200mV 0C Model Setup 'altera_reserved_tck'
Slack : 48.393
TNS   : 0.000

Type  : Fast 1200mV 0C Model Setup 'inst|altpll|sd1|pll7|clk[2]'
Slack : 95.710
TNS   : 0.000

Type  : Fast 1200mV 0C Model Hold 'CLOCK_50'
Slack : -0.563
TNS   : -25.962

Type  : Fast 1200mV 0C Model Hold 'inst|altpll|sd1|pll7|clk[0]'
Slack : 0.134
TNS   : 0.000

Type  : Fast 1200mV 0C Model Hold 'inst|video_pll_0|video_pll|PLL_for_DE_Series_Boards|auto_generated|pll1|clk[1]'
Slack : 0.149
TNS   : 0.000

Type  : Fast 1200mV 0C Model Hold 'altera_reserved_tck'
Slack : 0.180
TNS   : 0.000

Type  : Fast 1200mV 0C Model Hold 'inst|altpll|sd1|pll7|clk[2]'
Slack : 0.180
TNS   : 0.000

Type  : Fast 1200mV 0C Model Recovery 'inst|altpll|sd1|pll7|clk[0]'
Slack : 7.705
TNS   : 0.000

Type  : Fast 1200mV 0C Model Recovery 'CLOCK_50'
Slack : 18.809
TNS   : 0.000

Type  : Fast 1200mV 0C Model Recovery 'inst|video_pll_0|video_pll|PLL_for_DE_Series_Boards|auto_generated|pll1|clk[1]'
Slack : 36.634
TNS   : 0.000

Type  : Fast 1200mV 0C Model Recovery 'altera_reserved_tck'
Slack : 49.330
TNS   : 0.000

Type  : Fast 1200mV 0C Model Recovery 'inst|altpll|sd1|pll7|clk[2]'
Slack : 97.873
TNS   : 0.000

Type  : Fast 1200mV 0C Model Removal 'CLOCK_50'
Slack : 0.375
TNS   : 0.000

Type  : Fast 1200mV 0C Model Removal 'altera_reserved_tck'
Slack : 0.506
TNS   : 0.000

Type  : Fast 1200mV 0C Model Removal 'inst|altpll|sd1|pll7|clk[2]'
Slack : 1.350
TNS   : 0.000

Type  : Fast 1200mV 0C Model Removal 'inst|altpll|sd1|pll7|clk[0]'
Slack : 1.381
TNS   : 0.000

Type  : Fast 1200mV 0C Model Removal 'inst|video_pll_0|video_pll|PLL_for_DE_Series_Boards|auto_generated|pll1|clk[1]'
Slack : 2.367
TNS   : 0.000

Type  : Fast 1200mV 0C Model Minimum Pulse Width 'inst|altpll|sd1|pll7|clk[0]'
Slack : 4.749
TNS   : 0.000

Type  : Fast 1200mV 0C Model Minimum Pulse Width 'CLOCK_50'
Slack : 9.200
TNS   : 0.000

Type  : Fast 1200mV 0C Model Minimum Pulse Width 'inst|video_pll_0|video_pll|PLL_for_DE_Series_Boards|auto_generated|pll1|clk[1]'
Slack : 19.759
TNS   : 0.000

Type  : Fast 1200mV 0C Model Minimum Pulse Width 'altera_reserved_tck'
Slack : 49.302
TNS   : 0.000

Type  : Fast 1200mV 0C Model Minimum Pulse Width 'inst|altpll|sd1|pll7|clk[2]'
Slack : 49.753
TNS   : 0.000

------------------------------------------------------------
